// Jest Snapshot v1, https://goo.gl/fbAQLP

exports[`Home renders correctly 1`] = `
<div>
  <div
    class="container"
  >
    <h1>
      Next Trip
    </h1>
    <div
      class="nextrip-container"
    >
      <div
        class="nextrip-selectgroup"
      >
        <select
          class="custom-select"
          id="routes"
          name="routes"
        >
          <option
            value="mockOption"
          >
            Mock Option
          </option>
        </select>
      </div>
    </div>
  </div>
</div>
`;
